2025/12/09 21:50:25 Starting Worker 1
2025/12/09 21:50:26 Worker starting...
2025/12/09 21:50:26 [Worker-1] Connecting to etcd at 127.0.0.1:12379 with 5s timeout...
2025/12/09 21:50:26 [Worker-1] trying to acquire lock
2025/12/09 21:50:26 [Worker-1] ACQUIRED lock
2025/12/09 21:50:26 [Worker-1] doing work for 5s...
2025/12/09 21:50:27 Starting Worker 2
2025/12/09 21:50:27 Worker starting...
2025/12/09 21:50:27 [Worker-2] Connecting to etcd at 127.0.0.1:12379 with 5s timeout...
2025/12/09 21:50:27 Starting Worker 3
2025/12/09 21:50:27 [Worker-2] trying to acquire lock
2025/12/09 21:50:28 Worker starting...
2025/12/09 21:50:28 [Worker-3] Connecting to etcd at 127.0.0.1:12379 with 5s timeout...
2025/12/09 21:50:28 [Worker-3] trying to acquire lock
2025/12/09 21:50:31 [Worker-1] RELEASED lock
2025/12/09 21:50:31 [Worker-2] ACQUIRED lock
2025/12/09 21:50:31 [Worker-2] doing work for 5s...
2025/12/09 21:50:36 [Worker-2] RELEASED lock
2025/12/09 21:50:36 [Worker-3] ACQUIRED lock
2025/12/09 21:50:36 [Worker-3] doing work for 5s...
2025/12/09 21:50:41 [Worker-3] RELEASED lock
